[2026-07-17 11:35:05.311] [APP] [info] [EditorApp.cpp:47] Editor Constructor!
[2026-07-17 11:35:05.312] [ENGINE] [info] [EngineApp.cpp:18] EngineApp Constructor!
[2026-07-17 11:35:05.313] [ENGINE] [info] [PathService.cpp:11] Project Root: C:\Users\JorgePC\Documents\GameEngine\Editor
[2026-07-17 11:35:05.313] [ENGINE] [info] [PathService.cpp:12] Assets Root: C:\Users\JorgePC\Documents\GameEngine\Editor\assets
[2026-07-17 11:35:05.313] [ENGINE] [info] [Timestep.h:18] Created Timer
[2026-07-17 11:35:05.313] [ENGINE] [info] [Window.cpp:45] Creating window Cober (1280, 720)
[2026-07-17 11:35:06.160] [ENGINE] [info] [GraphicsDevice.cpp:57] SDL_GPU backend selected: vulkan
[2026-07-17 11:35:06.160] [ENGINE] [info] [GraphicsDevice.cpp:65]   GPU: NVIDIA GeForce RTX 4060 Laptop GPU | Driver: NVIDIA v595.79.0.0
[2026-07-17 11:35:06.162] [ENGINE] [info] [Window.cpp:22] Window Created
[2026-07-17 11:35:06.165] [ENGINE] [info] [Shader.cpp:121] Shader 'Quad': fragmentSamplerCount=1, vertexUniformCount=1, fragUniformCount=0
[2026-07-17 11:35:06.166] [ENGINE] [info] [Shader.cpp:386] Loaded pre-compiled shader Quad .vert
[2026-07-17 11:35:06.166] [ENGINE] [info] [Shader.cpp:386] Loaded pre-compiled shader Quad .frag
[2026-07-17 11:35:06.167] [ENGINE] [info] [Shader.cpp:121] Shader 'Line': fragmentSamplerCount=0, vertexUniformCount=1, fragUniformCount=0
[2026-07-17 11:35:06.168] [ENGINE] [info] [Shader.cpp:386] Loaded pre-compiled shader Line .vert
[2026-07-17 11:35:06.168] [ENGINE] [info] [Shader.cpp:386] Loaded pre-compiled shader Line .frag
[2026-07-17 11:35:06.170] [ENGINE] [info] [Shader.cpp:121] Shader 'Circle': fragmentSamplerCount=0, vertexUniformCount=1, fragUniformCount=0
[2026-07-17 11:35:06.170] [ENGINE] [info] [Shader.cpp:386] Loaded pre-compiled shader Circle .vert
[2026-07-17 11:35:06.171] [ENGINE] [info] [Shader.cpp:386] Loaded pre-compiled shader Circle .frag
[2026-07-17 11:35:06.171] [APP] [info] [EditorCamera.cpp:44] Editor Camera Created!!
[2026-07-17 11:35:06.192] [APP] [info] [Scene.cpp:26] Scene Created!!
[2026-07-17 11:35:06.193] [APP] [info] [Scene.cpp:219] Created entity with ID 15790550996833163264 and name Entity0
[2026-07-17 11:35:06.193] [APP] [info] [Scene.cpp:219] Created entity with ID 17731108172934002688 and name Entity1
[2026-07-17 11:35:06.194] [APP] [info] [CameraSystem.cpp:9] Camera System Added to Registry!!
[2026-07-17 11:35:06.194] [APP] [info] [RenderSystem.cpp:13] Render System Added to Registry!!
[2026-07-17 11:35:06.194] [APP] [info] [ParticleSystem.cpp:15] Particle System Added to Registry!!
[2026-07-17 11:35:06.194] [APP] [info] [EditorCamera.cpp:44] Editor Camera Created!!
[2026-07-17 11:35:06.194] [APP] [info] [CameraSystem.cpp:45] Camera System Started!!
[2026-07-17 11:35:06.195] [APP] [info] [RenderSystem.cpp:27] Render System Started!!
[2026-07-17 11:35:06.195] [APP] [info] [ParticleSystem.cpp:38] Particle System Started!!
